// Jest Snapshot v1, https://goo.gl/fbAQLP

exports[`StudentStatus Component Test AllProgram component it work 1`] = `null`;

exports[`StudentStatus Component Test StudentStatus component it work 1`] = `null`;
