// Jest Snapshot v1, https://goo.gl/fbAQLP

exports[`SearchComponent Test Search component it work 1`] = `
<div
  className="search"
>
  <img
    alt=""
    onClick={[Function]}
    src="Search.svg"
  />
  <input
    onChange={[Function]}
    onKeyPress={[Function]}
    value=""
  />
</div>
`;
